// Vitest Snapshot v1, https://vitest.dev/guide/snapshot.html

exports[`Timeline vertical item > Should match snapshot 1`] = `
<div>
  <div
    class="sc-dnwKUv jBiQiW  vertical-item-row"
    data-testid="vertical-item-row"
    role="listitem"
  >
    <div
      class="sc-fLQRDB cpMBSd"
      mode="VERTICAL_ALTERNATING"
    >
      <div
        class="sc-iAEyYk ehSAtw timeline-item-title title"
        font-size="1.5rem"
      >
        vertical item title
      </div>
    </div>
    <div
      class="sc-kgKVFY bYjqVL card-content-wrapper "
    >
      <section
        class="sc-jegxcv bXREYn timeline-card-content  card"
        mode="VERTICAL_ALTERNATING"
        tabindex="0"
      >
        <div
          class="sc-eACynP jTJJiI card-media-wrapper card-media"
          mode="VERTICAL_ALTERNATING"
        >
          <div
            class="sc-cjERFW hasYaA"
            height="200"
          >
            <img
              class="sc-bZPPFW dwXfbd"
              loading="lazy"
              mode="VERTICAL_ALTERNATING"
              role="img"
              src="https://www.google.com/images/branding/googlelogo/2x/googlelogo_color_272x92dp.png"
            />
          </div>
        </div>
        <div
          aria-expanded="false"
          class="sc-dQelHR exXkiz show-less card-description card-text"
        />
        <span
          class="sc-kiLEMZ ehIRXU"
          dir=""
          offset="-8"
        />
      </section>
    </div>
    <div
      class="sc-kZGvTt iiUlHY"
      data-testid="tree-leaf"
      role="button"
    >
      <div
        aria-label="select timeline"
        class="sc-iMfspA dptdC  timeline-vertical-circle"
        data-testid="tree-leaf-click"
        role="button"
      >
        <div
          class="sc-kFuwaP naOQz"
        />
      </div>
    </div>
  </div>
</div>
`;
