// Vitest Snapshot v1, https://vitest.dev/guide/snapshot.html

exports[`Timeline point > Should match snapshot 1`] = `
<DocumentFragment>
  <div
    class="sc-gLDzan KfHIG test_class_name"
    data-testid="tree-leaf"
    role="button"
    width="3"
  >
    <div
      aria-label="select timeline"
      class="sc-iAEyYk iOfSrA test_class_name timeline-vertical-circle"
      data-testid="tree-leaf-click"
      role="button"
    >
      <div
        class="sc-hLseeU iQJQbg"
      />
    </div>
  </div>
</DocumentFragment>
`;
